[2026-04-08T12:11:49.034Z] API Error: [GoogleGenerativeAI Error]: Error fetching from https://generativelanguage.googleapis.com/v1beta/models/gemini-2.5-flash-lite:generateContent: [400 Bad Request] API key expired. Please renew the API key. [{"@type":"type.googleapis.com/google.rpc.ErrorInfo","reason":"API_KEY_INVALID","domain":"googleapis.com","metadata":{"service":"generativelanguage.googleapis.com"}},{"@type":"type.googleapis.com/google.rpc.LocalizedMessage","locale":"en-US","message":"API key expired. Please renew the API key."}]
Stack: Error: [GoogleGenerativeAI Error]: Error fetching from https://generativelanguage.googleapis.com/v1beta/models/gemini-2.5-flash-lite:generateContent: [400 Bad Request] API key expired. Please renew the API key. [{"@type":"type.googleapis.com/google.rpc.ErrorInfo","reason":"API_KEY_INVALID","domain":"googleapis.com","metadata":{"service":"generativelanguage.googleapis.com"}},{"@type":"type.googleapis.com/google.rpc.LocalizedMessage","locale":"en-US","message":"API key expired. Please renew the API key."}]
    at handleResponseNotOk (/home/ashu/Documents/Github/MockMate/backend/node_modules/@google/generative-ai/dist/index.js:403:11)
    at process.processTicksAndRejections (node:internal/process/task_queues:104:5)
    at async makeRequest (/home/ashu/Documents/Github/MockMate/backend/node_modules/@google/generative-ai/dist/index.js:376:9)
    at async generateContent (/home/ashu/Documents/Github/MockMate/backend/node_modules/@google/generative-ai/dist/index.js:819:22)
    at async generateContentWithRetry (/home/ashu/Documents/Github/MockMate/backend/controllers/aiController.js:14:12)
    at async generateConceptExplanation (/home/ashu/Documents/Github/MockMate/backend/controllers/aiController.js:169:20)
[2026-04-08T12:24:01.333Z] API Error: [GoogleGenerativeAI Error]: Error fetching from https://generativelanguage.googleapis.com/v1beta/models/gemini-2.5-flash-lite:generateContent: [400 Bad Request] API key expired. Please renew the API key. [{"@type":"type.googleapis.com/google.rpc.ErrorInfo","reason":"API_KEY_INVALID","domain":"googleapis.com","metadata":{"service":"generativelanguage.googleapis.com"}},{"@type":"type.googleapis.com/google.rpc.LocalizedMessage","locale":"en-US","message":"API key expired. Please renew the API key."}]
Stack: Error: [GoogleGenerativeAI Error]: Error fetching from https://generativelanguage.googleapis.com/v1beta/models/gemini-2.5-flash-lite:generateContent: [400 Bad Request] API key expired. Please renew the API key. [{"@type":"type.googleapis.com/google.rpc.ErrorInfo","reason":"API_KEY_INVALID","domain":"googleapis.com","metadata":{"service":"generativelanguage.googleapis.com"}},{"@type":"type.googleapis.com/google.rpc.LocalizedMessage","locale":"en-US","message":"API key expired. Please renew the API key."}]
    at handleResponseNotOk (/home/ashu/Documents/Github/MockMate/backend/node_modules/@google/generative-ai/dist/index.js:403:11)
    at process.processTicksAndRejections (node:internal/process/task_queues:104:5)
    at async makeRequest (/home/ashu/Documents/Github/MockMate/backend/node_modules/@google/generative-ai/dist/index.js:376:9)
    at async generateContent (/home/ashu/Documents/Github/MockMate/backend/node_modules/@google/generative-ai/dist/index.js:819:22)
    at async generateContentWithRetry (/home/ashu/Documents/Github/MockMate/backend/controllers/aiController.js:14:12)
    at async generateConceptExplanation (/home/ashu/Documents/Github/MockMate/backend/controllers/aiController.js:169:20)
[2026-04-08T12:33:57.453Z] API Error: [GoogleGenerativeAI Error]: Error fetching from https://generativelanguage.googleapis.com/v1beta/models/gemini-2.5-flash-lite:generateContent: [400 Bad Request] API key expired. Please renew the API key. [{"@type":"type.googleapis.com/google.rpc.ErrorInfo","reason":"API_KEY_INVALID","domain":"googleapis.com","metadata":{"service":"generativelanguage.googleapis.com"}},{"@type":"type.googleapis.com/google.rpc.LocalizedMessage","locale":"en-US","message":"API key expired. Please renew the API key."}]
Stack: Error: [GoogleGenerativeAI Error]: Error fetching from https://generativelanguage.googleapis.com/v1beta/models/gemini-2.5-flash-lite:generateContent: [400 Bad Request] API key expired. Please renew the API key. [{"@type":"type.googleapis.com/google.rpc.ErrorInfo","reason":"API_KEY_INVALID","domain":"googleapis.com","metadata":{"service":"generativelanguage.googleapis.com"}},{"@type":"type.googleapis.com/google.rpc.LocalizedMessage","locale":"en-US","message":"API key expired. Please renew the API key."}]
    at handleResponseNotOk (/home/ashu/Documents/Github/MockMate/backend/node_modules/@google/generative-ai/dist/index.js:403:11)
    at process.processTicksAndRejections (node:internal/process/task_queues:104:5)
    at async makeRequest (/home/ashu/Documents/Github/MockMate/backend/node_modules/@google/generative-ai/dist/index.js:376:9)
    at async generateContent (/home/ashu/Documents/Github/MockMate/backend/node_modules/@google/generative-ai/dist/index.js:819:22)
    at async generateContentWithRetry (/home/ashu/Documents/Github/MockMate/backend/controllers/aiController.js:14:12)
    at async generateConceptExplanation (/home/ashu/Documents/Github/MockMate/backend/controllers/aiController.js:169:20)
[2026-04-08T12:34:07.943Z] API Error: [GoogleGenerativeAI Error]: Error fetching from https://generativelanguage.googleapis.com/v1beta/models/gemini-2.5-flash-lite:generateContent: [400 Bad Request] API key expired. Please renew the API key. [{"@type":"type.googleapis.com/google.rpc.ErrorInfo","reason":"API_KEY_INVALID","domain":"googleapis.com","metadata":{"service":"generativelanguage.googleapis.com"}},{"@type":"type.googleapis.com/google.rpc.LocalizedMessage","locale":"en-US","message":"API key expired. Please renew the API key."}]
Stack: Error: [GoogleGenerativeAI Error]: Error fetching from https://generativelanguage.googleapis.com/v1beta/models/gemini-2.5-flash-lite:generateContent: [400 Bad Request] API key expired. Please renew the API key. [{"@type":"type.googleapis.com/google.rpc.ErrorInfo","reason":"API_KEY_INVALID","domain":"googleapis.com","metadata":{"service":"generativelanguage.googleapis.com"}},{"@type":"type.googleapis.com/google.rpc.LocalizedMessage","locale":"en-US","message":"API key expired. Please renew the API key."}]
    at handleResponseNotOk (/home/ashu/Documents/Github/MockMate/backend/node_modules/@google/generative-ai/dist/index.js:403:11)
    at process.processTicksAndRejections (node:internal/process/task_queues:104:5)
    at async makeRequest (/home/ashu/Documents/Github/MockMate/backend/node_modules/@google/generative-ai/dist/index.js:376:9)
    at async generateContent (/home/ashu/Documents/Github/MockMate/backend/node_modules/@google/generative-ai/dist/index.js:819:22)
    at async generateContentWithRetry (/home/ashu/Documents/Github/MockMate/backend/controllers/aiController.js:14:12)
    at async generateConceptExplanation (/home/ashu/Documents/Github/MockMate/backend/controllers/aiController.js:169:20)
[2026-04-08T12:45:41.990Z] API Error: [GoogleGenerativeAI Error]: Error fetching from https://generativelanguage.googleapis.com/v1beta/models/gemini-2.5-flash-lite:generateContent: [400 Bad Request] API Key not found. Please pass a valid API key. [{"@type":"type.googleapis.com/google.rpc.ErrorInfo","reason":"API_KEY_INVALID","domain":"googleapis.com","metadata":{"service":"generativelanguage.googleapis.com"}},{"@type":"type.googleapis.com/google.rpc.LocalizedMessage","locale":"en-US","message":"API Key not found. Please pass a valid API key."}]
Stack: Error: [GoogleGenerativeAI Error]: Error fetching from https://generativelanguage.googleapis.com/v1beta/models/gemini-2.5-flash-lite:generateContent: [400 Bad Request] API Key not found. Please pass a valid API key. [{"@type":"type.googleapis.com/google.rpc.ErrorInfo","reason":"API_KEY_INVALID","domain":"googleapis.com","metadata":{"service":"generativelanguage.googleapis.com"}},{"@type":"type.googleapis.com/google.rpc.LocalizedMessage","locale":"en-US","message":"API Key not found. Please pass a valid API key."}]
    at handleResponseNotOk (/home/ashu/Documents/Github/MockMate/backend/node_modules/@google/generative-ai/dist/index.js:403:11)
    at process.processTicksAndRejections (node:internal/process/task_queues:104:5)
    at async makeRequest (/home/ashu/Documents/Github/MockMate/backend/node_modules/@google/generative-ai/dist/index.js:376:9)
    at async generateContent (/home/ashu/Documents/Github/MockMate/backend/node_modules/@google/generative-ai/dist/index.js:819:22)
    at async generateContentWithRetry (/home/ashu/Documents/Github/MockMate/backend/controllers/aiController.js:14:12)
    at async generateConceptExplanation (/home/ashu/Documents/Github/MockMate/backend/controllers/aiController.js:169:20)
[2026-04-08T12:45:49.924Z] API Error: [GoogleGenerativeAI Error]: Error fetching from https://generativelanguage.googleapis.com/v1beta/models/gemini-2.5-flash-lite:generateContent: [400 Bad Request] API Key not found. Please pass a valid API key. [{"@type":"type.googleapis.com/google.rpc.ErrorInfo","reason":"API_KEY_INVALID","domain":"googleapis.com","metadata":{"service":"generativelanguage.googleapis.com"}},{"@type":"type.googleapis.com/google.rpc.LocalizedMessage","locale":"en-US","message":"API Key not found. Please pass a valid API key."}]
Stack: Error: [GoogleGenerativeAI Error]: Error fetching from https://generativelanguage.googleapis.com/v1beta/models/gemini-2.5-flash-lite:generateContent: [400 Bad Request] API Key not found. Please pass a valid API key. [{"@type":"type.googleapis.com/google.rpc.ErrorInfo","reason":"API_KEY_INVALID","domain":"googleapis.com","metadata":{"service":"generativelanguage.googleapis.com"}},{"@type":"type.googleapis.com/google.rpc.LocalizedMessage","locale":"en-US","message":"API Key not found. Please pass a valid API key."}]
    at handleResponseNotOk (/home/ashu/Documents/Github/MockMate/backend/node_modules/@google/generative-ai/dist/index.js:403:11)
    at process.processTicksAndRejections (node:internal/process/task_queues:104:5)
    at async makeRequest (/home/ashu/Documents/Github/MockMate/backend/node_modules/@google/generative-ai/dist/index.js:376:9)
    at async generateContent (/home/ashu/Documents/Github/MockMate/backend/node_modules/@google/generative-ai/dist/index.js:819:22)
    at async generateContentWithRetry (/home/ashu/Documents/Github/MockMate/backend/controllers/aiController.js:14:12)
    at async generateConceptExplanation (/home/ashu/Documents/Github/MockMate/backend/controllers/aiController.js:169:20)
